====================================================
🚀 Starting Enterprise Administrative Context Tests...
====================================================
▶ Running Admin Domain Layer Tests...
✅ Admin Domain Layer Tests Passed Successfully!
▶ Running Admin CQRS Application Layer Tests...
[Postgres Telemetry] Database connection failed. Initialising offline simulation driver.
[Postgres SQL] Executing Parameterised Query: "
        INSERT INTO tenants (id, name, slug, status, configuration, quota, subscription, created_at, updated_at, created_by, updated_by, version)
        VALUES ($1, $2, $3, $4, $5, $6, $7, $8, $9, $10, $11, $12);
      " with values: [tenant-cyberdyne-uuid, Cyberdyne Systems, cyberdyne, active, {"allowedIPRanges":["0.0.0.0/0"],"mfaRequired":false,"ssoRequired":false,"dataRetentionDays":90,"isIranMarketLocalised":false}, {"maxUsers":10,"maxBrands":2,"maxPrompts":20,"maxObservationsPerMonth":1000,"maxCrawlJobsPerDay":10,"monthlyTokenLimit":1000000,"monthlyCostLimitUsd":100,"usedObservationsThisMonth":0,"usedTokensThisMonth":0,"usedCrawlJobsToday":0}, {"plan":"enterprise","status":"active","billingCycle":"monthly","startDate":"2026-07-24T14:15:09.427Z","endDate":"2026-08-23T14:15:09.427Z","priceAmount":1200,"currency":"USD"}, 2026-07-24T14:15:09.427Z, 2026-07-24T14:15:09.427Z, admin-user-super, admin-user-super, 1]
[Postgres SQL] Executing Parameterised Query: "
      INSERT INTO audit_records (id, timestamp, actor_id, actor_email, actor_role, action, resource_type, resource_id, ip_address, user_agent, payload_before, payload_after, status, error_details)
      VALUES ($1, $2, $3, $4, $5, $6, $7, $8, $9, $10, $11, $12, $13, $14);
    " with values: [audit-8xs3eya4i, 2026-07-24T14:15:09.429Z, admin-user-super, super.admin@aeo-platform.internal, Super Admin, TENANT_CREATE, tenant, tenant-cyberdyne-uuid, 127.0.0.1, Mozilla/5.0, , {"id":"tenant-cyberdyne-uuid","name":"Cyberdyne Systems","slug":"cyberdyne","status":"active","configuration":{"allowedIPRanges":["0.0.0.0/0"],"mfaRequired":false,"ssoRequired":false,"dataRetentionDays":90,"isIranMarketLocalised":false},"quota":{"maxUsers":10,"maxBrands":2,"maxPrompts":20,"maxObservationsPerMonth":1000,"maxCrawlJobsPerDay":10,"monthlyTokenLimit":1000000,"monthlyCostLimitUsd":100,"usedObservationsThisMonth":0,"usedTokensThisMonth":0,"usedCrawlJobsToday":0},"subscription":{"plan":"enterprise","status":"active","billingCycle":"monthly","startDate":"2026-07-24T14:15:09.427Z","endDate":"2026-08-23T14:15:09.427Z","priceAmount":1200,"currency":"USD"},"audit":{"createdAt":"2026-07-24T14:15:09.427Z","updatedAt":"2026-07-24T14:15:09.427Z","createdBy":"admin-user-super","updatedBy":"admin-user-super","version":1}}, success, ]
[Postgres Telemetry] Database connection failed. Initialising offline simulation driver.
[Postgres SQL] Executing Parameterised Query: "SELECT * FROM tenants WHERE id = $1 AND deleted_at IS NULL LIMIT 1;" with values: [tenant-cyberdyne-uuid]
[Postgres SQL] Executing Parameterised Query: "
        UPDATE tenants
        SET name = $1, slug = $2, status = $3, configuration = $4, quota = $5, subscription = $6, updated_at = $7, version = $8
        WHERE id = $9 AND version = $10;
      " with values: [Cyberdyne Systems, cyberdyne, suspended, {"allowedIPRanges":["0.0.0.0/0"],"mfaRequired":false,"ssoRequired":false,"dataRetentionDays":90,"isIranMarketLocalised":false}, {"maxUsers":10,"maxBrands":2,"maxPrompts":20,"maxObservationsPerMonth":1000,"maxCrawlJobsPerDay":10,"monthlyTokenLimit":1000000,"monthlyCostLimitUsd":100,"usedObservationsThisMonth":0,"usedTokensThisMonth":0,"usedCrawlJobsToday":0}, {"plan":"enterprise","status":"active","billingCycle":"monthly","startDate":"2026-07-24T14:15:09.427Z","endDate":"2026-08-23T14:15:09.427Z","priceAmount":1200,"currency":"USD"}, 2026-07-24T14:15:09.435Z, 2, tenant-cyberdyne-uuid, 1]
[Postgres SQL] Executing Parameterised Query: "
      INSERT INTO audit_records (id, timestamp, actor_id, actor_email, actor_role, action, resource_type, resource_id, ip_address, user_agent, payload_before, payload_after, status, error_details)
      VALUES ($1, $2, $3, $4, $5, $6, $7, $8, $9, $10, $11, $12, $13, $14);
    " with values: [audit-e3wcj5nwg, 2026-07-24T14:15:09.436Z, admin-user-super, super.admin@aeo-platform.internal, Super Admin, TENANT_SUSPEND, tenant, tenant-cyberdyne-uuid, 127.0.0.1, Mozilla/5.0, {"id":"tenant-cyberdyne-uuid","name":"Cyberdyne Systems","slug":"cyberdyne","status":"active","configuration":{"allowedIPRanges":["0.0.0.0/0"],"mfaRequired":false,"ssoRequired":false,"dataRetentionDays":90,"isIranMarketLocalised":false},"quota":{"maxUsers":10,"maxBrands":2,"maxPrompts":20,"maxObservationsPerMonth":1000,"maxCrawlJobsPerDay":10,"monthlyTokenLimit":1000000,"monthlyCostLimitUsd":100,"usedObservationsThisMonth":0,"usedTokensThisMonth":0,"usedCrawlJobsToday":0},"subscription":{"plan":"enterprise","status":"active","billingCycle":"monthly","startDate":"2026-07-24T14:15:09.427Z","endDate":"2026-08-23T14:15:09.427Z","priceAmount":1200,"currency":"USD"},"audit":{"createdAt":"2026-07-24T14:15:09.427Z","updatedAt":"2026-07-24T14:15:09.427Z","createdBy":"admin-user-super","updatedBy":"admin-user-super","version":1}}, {"id":"tenant-cyberdyne-uuid","name":"Cyberdyne Systems","slug":"cyberdyne","status":"suspended","configuration":{"allowedIPRanges":["0.0.0.0/0"],"mfaRequired":false,"ssoRequired":false,"dataRetentionDays":90,"isIranMarketLocalised":false},"quota":{"maxUsers":10,"maxBrands":2,"maxPrompts":20,"maxObservationsPerMonth":1000,"maxCrawlJobsPerDay":10,"monthlyTokenLimit":1000000,"monthlyCostLimitUsd":100,"usedObservationsThisMonth":0,"usedTokensThisMonth":0,"usedCrawlJobsToday":0},"subscription":{"plan":"enterprise","status":"active","billingCycle":"monthly","startDate":"2026-07-24T14:15:09.427Z","endDate":"2026-08-23T14:15:09.427Z","priceAmount":1200,"currency":"USD"},"audit":{"createdAt":"2026-07-24T14:15:09.427Z","updatedAt":"2026-07-24T14:15:09.436Z","createdBy":"admin-user-super","updatedBy":"admin-user-super","version":2}}, success, ]
[Postgres SQL] Executing Parameterised Query: "SELECT * FROM audit_records WHERE resource_type = $1 AND resource_id = $2 ORDER BY timestamp DESC;" with values: [tenant, tenant-cyberdyne-uuid]
[Postgres Telemetry] Database connection failed. Initialising offline simulation driver.
[Postgres SQL] Executing Parameterised Query: "SELECT * FROM tenants WHERE id = $1 AND deleted_at IS NULL LIMIT 1;" with values: [tenant-cyberdyne-uuid]
[Postgres SQL] Executing Parameterised Query: "
        UPDATE tenants
        SET name = $1, slug = $2, status = $3, configuration = $4, quota = $5, subscription = $6, updated_at = $7, version = $8
        WHERE id = $9 AND version = $10;
      " with values: [Cyberdyne Systems, cyberdyne, suspended, {"allowedIPRanges":["0.0.0.0/0"],"mfaRequired":false,"ssoRequired":false,"dataRetentionDays":90,"isIranMarketLocalised":false}, {"maxUsers":999,"maxBrands":2,"maxPrompts":20,"maxObservationsPerMonth":1000,"maxCrawlJobsPerDay":10,"monthlyTokenLimit":1000000,"monthlyCostLimitUsd":100,"usedObservationsThisMonth":0,"usedTokensThisMonth":0,"usedCrawlJobsToday":0}, {"plan":"enterprise","status":"active","billingCycle":"monthly","startDate":"2026-07-24T14:15:09.427Z","endDate":"2026-08-23T14:15:09.427Z","priceAmount":1200,"currency":"USD"}, 2026-07-24T14:15:09.443Z, 3, tenant-cyberdyne-uuid, 2]
[Postgres SQL] Executing Parameterised Query: "
      INSERT INTO audit_records (id, timestamp, actor_id, actor_email, actor_role, action, resource_type, resource_id, ip_address, user_agent, payload_before, payload_after, status, error_details)
      VALUES ($1, $2, $3, $4, $5, $6, $7, $8, $9, $10, $11, $12, $13, $14);
    " with values: [audit-xibenx7pq, 2026-07-24T14:15:09.444Z, admin-user-super, super.admin@aeo-platform.internal, Super Admin, TENANT_QUOTA_UPDATE, tenant, tenant-cyberdyne-uuid, 127.0.0.1, Mozilla/5.0, {"id":"tenant-cyberdyne-uuid","name":"Cyberdyne Systems","slug":"cyberdyne","status":"suspended","configuration":{"allowedIPRanges":["0.0.0.0/0"],"mfaRequired":false,"ssoRequired":false,"dataRetentionDays":90,"isIranMarketLocalised":false},"quota":{"maxUsers":10,"maxBrands":2,"maxPrompts":20,"maxObservationsPerMonth":1000,"maxCrawlJobsPerDay":10,"monthlyTokenLimit":1000000,"monthlyCostLimitUsd":100,"usedObservationsThisMonth":0,"usedTokensThisMonth":0,"usedCrawlJobsToday":0},"subscription":{"plan":"enterprise","status":"active","billingCycle":"monthly","startDate":"2026-07-24T14:15:09.427Z","endDate":"2026-08-23T14:15:09.427Z","priceAmount":1200,"currency":"USD"},"audit":{"createdAt":"2026-07-24T14:15:09.427Z","updatedAt":"2026-07-24T14:15:09.436Z","createdBy":"admin-user-super","updatedBy":"admin-user-super","version":2}}, {"id":"tenant-cyberdyne-uuid","name":"Cyberdyne Systems","slug":"cyberdyne","status":"suspended","configuration":{"allowedIPRanges":["0.0.0.0/0"],"mfaRequired":false,"ssoRequired":false,"dataRetentionDays":90,"isIranMarketLocalised":false},"quota":{"maxUsers":999,"maxBrands":2,"maxPrompts":20,"maxObservationsPerMonth":1000,"maxCrawlJobsPerDay":10,"monthlyTokenLimit":1000000,"monthlyCostLimitUsd":100,"usedObservationsThisMonth":0,"usedTokensThisMonth":0,"usedCrawlJobsToday":0},"subscription":{"plan":"enterprise","status":"active","billingCycle":"monthly","startDate":"2026-07-24T14:15:09.427Z","endDate":"2026-08-23T14:15:09.427Z","priceAmount":1200,"currency":"USD"},"audit":{"createdAt":"2026-07-24T14:15:09.427Z","updatedAt":"2026-07-24T14:15:09.444Z","createdBy":"admin-user-super","updatedBy":"admin-user-super","version":3}}, success, ]
[Postgres Telemetry] Database connection failed. Initialising offline simulation driver.
[Postgres SQL] Executing Parameterised Query: "SELECT * FROM admin_users WHERE id = $1 AND deleted_at IS NULL LIMIT 1;" with values: [admin-user-support]
[Postgres SQL] Executing Parameterised Query: "
        UPDATE admin_users
        SET email = $1, full_name = $2, role = $3, permissions = $4, is_active = $5, sso_identities = $6, updated_at = $7, version = $8
        WHERE id = $9 AND version = $10;
      " with values: [support.agent@aeo-platform.internal, John Doe, Operations, ["config:write","ai:manage"], true, [], 2026-07-24T14:15:09.448Z, 2, admin-user-support, 1]
[Postgres SQL] Executing Parameterised Query: "
      INSERT INTO audit_records (id, timestamp, actor_id, actor_email, actor_role, action, resource_type, resource_id, ip_address, user_agent, payload_before, payload_after, status, error_details)
      VALUES ($1, $2, $3, $4, $5, $6, $7, $8, $9, $10, $11, $12, $13, $14);
    " with values: [audit-z4wa3oh0c, 2026-07-24T14:15:09.450Z, admin-user-super, super.admin@aeo-platform.internal, Super Admin, USER_ROLE_CHANGE, user, admin-user-support, 127.0.0.1, Mozilla/5.0, {"id":"admin-user-support","email":"support.agent@aeo-platform.internal","fullName":"John Doe","role":"Support","permissions":["tenant:read","admin:read","prompt:manage","config:read"],"isActive":true,"audit":{"createdAt":"2026-01-05T08:00:00Z","updatedAt":"2026-01-05T08:00:00Z","createdBy":"super-admin","updatedBy":"super-admin","version":1}}, {"id":"admin-user-support","email":"support.agent@aeo-platform.internal","fullName":"John Doe","role":"Operations","permissions":["config:write","ai:manage"],"isActive":true,"audit":{"createdAt":"2026-01-05T08:00:00Z","updatedAt":"2026-07-24T14:15:09.450Z","createdBy":"super-admin","updatedBy":"super-admin","version":2}}, success, ]
[Postgres Telemetry] Database connection failed. Initialising offline simulation driver.
[Postgres SQL] Executing Parameterised Query: "SELECT * FROM feature_flags WHERE key = $1 LIMIT 1;" with values: [phase-1-fa-optimized]
[Postgres SQL] Executing Parameterised Query: "
        UPDATE feature_flags
        SET name = $1, description = $2, is_enabled_globally = $3, tenant_overrides = $4, updated_at = $5, version = $6
        WHERE key = $7 AND version = $8;
      " with values: [Persian Language Optimization, Enables special crawling & localized prompt parsing for Persian LLM challenges, false, {"tenant-globex-uuid":true,"tenant-acme-uuid":true}, 2026-07-24T14:15:09.453Z, 3, phase-1-fa-optimized, 2]
[Postgres SQL] Executing Parameterised Query: "
      INSERT INTO audit_records (id, timestamp, actor_id, actor_email, actor_role, action, resource_type, resource_id, ip_address, user_agent, payload_before, payload_after, status, error_details)
      VALUES ($1, $2, $3, $4, $5, $6, $7, $8, $9, $10, $11, $12, $13, $14);
    " with values: [audit-60clrm2qm, 2026-07-24T14:15:09.454Z, admin-user-super, super.admin@aeo-platform.internal, Super Admin, FEATURE_FLAG_ENABLE, feature_flag, flag-aeo-geo-iran, 127.0.0.1, Mozilla/5.0, {"id":"flag-aeo-geo-iran","key":"phase-1-fa-optimized","name":"Persian Language Optimization","description":"Enables special crawling & localized prompt parsing for Persian LLM challenges","isEnabledGlobally":false,"tenantOverrides":{"tenant-globex-uuid":true},"audit":{"createdAt":"2026-01-10T00:00:00Z","updatedAt":"2026-01-10T00:00:00Z","createdBy":"super-admin","updatedBy":"super-admin","version":1}}, {"id":"flag-aeo-geo-iran","key":"phase-1-fa-optimized","name":"Persian Language Optimization","description":"Enables special crawling & localized prompt parsing for Persian LLM challenges","isEnabledGlobally":false,"tenantOverrides":{"tenant-globex-uuid":true,"tenant-acme-uuid":true},"audit":{"createdAt":"2026-01-10T00:00:00Z","updatedAt":"2026-07-24T14:15:09.454Z","createdBy":"super-admin","updatedBy":"super-admin","version":3}}, success, ]
✅ Admin CQRS Application Layer Tests Passed Successfully!
▶ Running Admin Security & Access Control Tests...
✅ Admin Security & Access Control Tests Passed Successfully!
▶ Running Administrative Infrastructure Integration Tests...
[Postgres SQL] Executing Parameterised Query: "
        INSERT INTO tenants (id, name, slug, status, configuration, quota, subscription, created_at, updated_at, created_by, updated_by, version)
        VALUES ($1, $2, $3, $4, $5, $6, $7, $8, $9, $10, $11, $12);
      " with values: [tenant-conner-uuid, Conner Defense, conner-def, active, {"allowedIPRanges":["127.0.0.1/32"],"mfaRequired":true,"ssoRequired":false,"dataRetentionDays":180,"isIranMarketLocalised":false}, {"maxUsers":10,"maxBrands":3,"maxPrompts":30,"maxObservationsPerMonth":2000,"maxCrawlJobsPerDay":20,"monthlyTokenLimit":2000000,"monthlyCostLimitUsd":200,"usedObservationsThisMonth":0,"usedTokensThisMonth":0,"usedCrawlJobsToday":0}, {"plan":"growth","status":"active","billingCycle":"monthly","startDate":"2026-07-24T14:15:09.456Z","endDate":"2026-07-24T14:15:09.456Z","priceAmount":149,"currency":"USD"}, 2026-07-24T14:15:09.456Z, 2026-07-24T14:15:09.456Z, integration-test, integration-test, 1]
[Postgres SQL] Executing Parameterised Query: "SELECT * FROM tenants WHERE id = $1 AND deleted_at IS NULL LIMIT 1;" with values: [tenant-conner-uuid]
[Postgres SQL] Executing Parameterised Query: "
        UPDATE tenants
        SET name = $1, slug = $2, status = $3, configuration = $4, quota = $5, subscription = $6, updated_at = $7, version = $8
        WHERE id = $9 AND version = $10;
      " with values: [Conner Security Group, conner-def, active, {"allowedIPRanges":["127.0.0.1/32"],"mfaRequired":true,"ssoRequired":false,"dataRetentionDays":180,"isIranMarketLocalised":false}, {"maxUsers":10,"maxBrands":3,"maxPrompts":30,"maxObservationsPerMonth":2000,"maxCrawlJobsPerDay":20,"monthlyTokenLimit":2000000,"monthlyCostLimitUsd":200,"usedObservationsThisMonth":0,"usedTokensThisMonth":0,"usedCrawlJobsToday":0}, {"plan":"growth","status":"active","billingCycle":"monthly","startDate":"2026-07-24T14:15:09.456Z","endDate":"2026-07-24T14:15:09.456Z","priceAmount":149,"currency":"USD"}, 2026-07-24T14:15:09.458Z, 2, tenant-conner-uuid, 1]
[Postgres SQL] Executing Parameterised Query: "UPDATE tenants SET deleted_at = $1, status = $2, version = $3 WHERE id = $4;" with values: [2026-07-24T14:15:09.459Z, archived, 3, tenant-conner-uuid]
[Postgres SQL] Executing Parameterised Query: "SELECT * FROM tenants WHERE id = $1 AND deleted_at IS NULL LIMIT 1;" with values: [tenant-conner-uuid]
[Postgres Telemetry] Database connection failed. Initialising offline simulation driver.
[Postgres Transacted SQL] Executing Parameterised Query: "
        INSERT INTO tenants (id, name, slug, status, configuration, quota, subscription, created_at, updated_at, created_by, updated_by, version)
        VALUES ($1, $2, $3, $4, $5, $6, $7, $8, $9, $10, $11, $12);
      " with values: [tx-test-tenant, TX Sandbox Corp, conner-def, active, {"allowedIPRanges":["127.0.0.1/32"],"mfaRequired":true,"ssoRequired":false,"dataRetentionDays":180,"isIranMarketLocalised":false}, {"maxUsers":10,"maxBrands":3,"maxPrompts":30,"maxObservationsPerMonth":2000,"maxCrawlJobsPerDay":20,"monthlyTokenLimit":2000000,"monthlyCostLimitUsd":200,"usedObservationsThisMonth":0,"usedTokensThisMonth":0,"usedCrawlJobsToday":0}, {"plan":"growth","status":"active","billingCycle":"monthly","startDate":"2026-07-24T14:15:09.456Z","endDate":"2026-07-24T14:15:09.456Z","priceAmount":149,"currency":"USD"}, 2026-07-24T14:15:09.464Z, 2026-07-24T14:15:09.464Z, integration-test, integration-test, 1]

❌ ADMIN TEST SUITE RUNNER FAILURE: Error: Integration Test Failed: Transacted changes were not rolled back upon exception.
    at testInfrastructure (/app/tests/features/admin/infrastructure/persistence.test.ts:157:11)
    at process.processTicksAndRejections (node:internal/process/task_queues:103:5)
    at async main (/app/tests/features/admin/run-all.ts:21:5)
